RAM Allocation
Variable                                                          Address   Size
--------------------------------------------------------------------------------
digit_out                                                         0x0160       4
mode                                                              0x0164       1
prevLastDigit                                                     0x0165       1
lastDigit                                                         0x0166       1

EEPROM Allocation
Variable                                                          Address   Size
--------------------------------------------------------------------------------

Register Allocation
Variable                                                          Register  Size
--------------------------------------------------------------------------------
cur_dig                                                           R5           1
displayCounter                                                    R4           1
displayDigit                                                      R7           1
seconds                                                           R6           1
minutes                                                           R9           1
hours                                                             R8           1
day                                                               R11          1
date                                                              R10          1
month                                                             R13          1
year                                                              R12          1
button_1_on1                                                      R2.0      1bit
button_2_on1                                                      R2.1      1bit
button_3_on1                                                      R2.2      1bit
button_1_on2                                                      R2.3      1bit
button_2_on2                                                      R2.4      1bit
button_3_on2                                                      R2.5      1bit
button_1_on3                                                      R2.6      1bit
button_2_on3                                                      R2.7      1bit
button_3_on3                                                      R3.0      1bit
show_point                                                        R3.1      1bit
lastDigitChanged                                                  R3.2      1bit
